******************************************************************************
                  TI ARM Linker PC v20.2.7                     
******************************************************************************
>> Linked Tue Jan 10 16:27:44 2023

OUTPUT FILE NAME:   <pwmled2_CC3220S_LAUNCHXL_nortos_ccs.out>
ENTRY POINT SYMBOL: "resetISR"  address: 2000eaa5


MEMORY CONFIGURATION

         name            origin    length      used     unused   attr    fill
----------------------  --------  ---------  --------  --------  ----  --------
  SRAM2                 20000000   00004000  0000130c  00002cf4  RW X
  SRAM                  20004000   0003c000  0000b9f2  0003060e  RW X
  LOG_DATA              90000000   00040000  00000000  00040000  R   


SEGMENT ALLOCATION MAP

run origin  load origin   length   init length attrs members
----------  ----------- ---------- ----------- ----- -------
20003000    20003000    00001000   00000000    rw-
  20003000    20003000    00001000   00000000    rw- .stack
20004000    20004000    00000040   00000040    r--
  20004000    20004000    00000040   00000040    r-- .resetVecs
20004040    20004040    00008000   00000000    rw-
  20004040    20004040    00008000   00000000    rw- .sysmem
2000c040    2000c040    00002cce   00002cce    r-x
  2000c040    2000c040    00002cce   00002cce    r-x .text
2000ed10    2000ed10    0000061f   00000000    rw-
  2000ed10    2000ed10    0000061f   00000000    rw- .data
2000f330    2000f330    00000321   00000321    r--
  2000f330    2000f330    00000321   00000321    r-- .const
2000f658    2000f658    000002bc   00000000    rw-
  2000f658    2000f658    000002bc   00000000    rw- .bss
2000f918    2000f918    000000e8   000000e8    r--
  2000f918    2000f918    000000e8   000000e8    r-- .cinit


SECTION ALLOCATION MAP

 output                                  attributes/
section   page    origin      length       input sections
--------  ----  ----------  ----------   ----------------
.text      0    2000c040    00002cce     
                  2000c040    0000042c     driverlib.a : prcm.obj (.text:PRCMCC3200MCUInit)
                  2000c46c    000001a0     nortos_cc32xx.a : PowerCC32XX_nortos.oem4 (.text:PowerCC32XX_sleepPolicy)
                  2000c60c    00000154     drivers_cc32xx.a : GPIOCC32XX.oem4 (.text:GPIO_setConfig)
                  2000c760    00000148                      : PowerCC32XX.oem4 (.text:parkPins)
                  2000c8a8    00000140                      : PWMTimerCC32XX.oem4 (.text:PWMTimerCC32XX_setDutyAndPeriod)
                  2000c9e8    00000138                      : PowerCC32XX.oem4 (.text:Power_sleep)
                  2000cb20    00000100     rtsv7M4_T_le_eabi.lib : memory.c.obj (.text:aligned_alloc)
                  2000cc20    000000f0     drivers_cc32xx.a : PWMTimerCC32XX.oem4 (.text:PWMTimerCC32XX_open)
                  2000cd10    000000e4     rtsv7M4_T_le_eabi.lib : memory.c.obj (.text:free)
                  2000cdf4    000000c4     drivers_cc32xx.a : PWMTimerCC32XX.oem4 (.text:PWMTimerCC32XX_stop)
                  2000ceb8    000000c0                      : PowerCC32XX.oem4 (.text:restoreParkedPins)
                  2000cf78    000000b8                      : PWMTimerCC32XX.oem4 (.text:PWMTimerCC32XX_setDuty)
                  2000d030    000000a8     driverlib.a : interrupt.obj (.text:IntEnable)
                  2000d0d8    000000a8     drivers_cc32xx.a : PowerCC32XX.oem4 (.text:PowerCC32XX_configureWakeup)
                  2000d180    000000a4                      : PWMTimerCC32XX.oem4 (.text:initHw)
                  2000d224    000000a0     nortos_cc32xx.a : SemaphoreP_nortos.oem4 (.text:SemaphoreP_pend)
                  2000d2c4    000000a0     pwmled2.obj (.text:mainThread)
                  2000d364    0000009c     rtsv7M4_T_le_eabi.lib : memcpy_t2.asm.obj (.text)
                  2000d400    00000098     drivers_cc32xx.a : PWMTimerCC32XX.oem4 (.text:PWMTimerCC32XX_setPeriod)
                  2000d498    00000096     rtsv7M4_T_le_eabi.lib : ull_div_t2.asm.obj (.text)
                  2000d52e    00000002     ti_drivers_config.obj (.text:Board_initHook)
                  2000d530    00000090     drivers_cc32xx.a : GPIOCC32XX.oem4 (.text:GPIO_init)
                  2000d5c0    00000090                      : PowerCC32XX.oem4 (.text:restoreNVICRegs)
                  2000d650    0000008c     nortos_cc32xx.a : HwiPCC32XX_nortos.oem4 (.text:HwiP_construct)
                  2000d6dc    00000088     driverlib.a : interrupt.obj (.text:IntPendSet)
                  2000d764    00000088     drivers_cc32xx.a : PWMTimerCC32XX.oem4 (.text:PWMTimerCC32XX_close)
                  2000d7ec    00000088     driverlib.a : pin.obj (.text:PinConfigSet)
                  2000d874    00000084     drivers_cc32xx.a : PowerCC32XX.oem4 (.text:Power_init)
                  2000d8f8    00000084                      : PowerCC32XX.oem4 (.text:saveNVICRegs)
                  2000d97c    00000080                      : PowerCC32XX.oem4 (.text:Power_setDependency)
                  2000d9fc    00000074                      : GPIOCC32XX.oem4 (.text:powerNotifyFxn)
                  2000da70    00000070     rtsv7M4_T_le_eabi.lib : memory.c.obj (.text:split)
                  2000dae0    00000068     drivers_cc32xx.a : PWMTimerCC32XX.oem4 (.text:PWMTimerCC32XX_start)
                  2000db48    00000068     rtsv7M4_T_le_eabi.lib : copy_decompress_lzss.c.obj (.text:decompress:lzss:__TI_decompress_lzss)
                  2000dbb0    00000064     drivers_cc32xx.a : GPIOCC32XX.oem4 (.text:GPIO_setInterruptConfig)
                  2000dc14    00000064                      : PowerCC32XX.oem4 (.text:PowerCC32XX_setParkState)
                  2000dc78    00000060                      : GPIOCC32XX.oem4 (.text:GPIO_hwiIntFxn)
                  2000dcd8    00000060     driverlib.a : prcm.obj (.text:PRCMSysResetCauseGet)
                  2000dd38    00000060     nortos_cc32xx.a : ClockPSysTick_nortos.oem4 (.text:getTimeUsec)
                  2000dd98    0000005c                     : ClockPSysTick_nortos.oem4 (.text:sysTickInit)
                  2000ddf4    00000058     driverlib.a : prcm.obj (.text:PRCMPeripheralReset)
                  2000de4c    00000058     drivers_cc32xx.a : PowerCC32XX.oem4 (.text:Power_releaseDependency)
                  2000dea4    00000052                      : PowerCC32XX_asm.oem4 (.text:PowerCC32XX_resumeLPDS)
                  2000def6    00000002                      : PWMTimerCC32XX.oem4 (.text:PWMTimerCC32XX_init)
                  2000def8    00000050     nortos_cc32xx.a : ClockPSysTick_nortos.oem4 (.text:ClockP_sysTickHandler)
                  2000df48    00000050                     : SemaphoreP_nortos.oem4 (.text:SemaphoreP_construct)
                  2000df98    00000050     drivers_cc32xx.a : TimerCC32XX.oem4 (.text:TimerCC32XX_allocateTimerResource)
                  2000dfe8    0000004c                      : PowerCC32XX.oem4 (.text:PowerCC32XX_parkPin)
                  2000e034    0000004c                      : PWMTimerCC32XX.oem4 (.text:getDutyCounts)
                  2000e080    0000004c                      : PWMTimerCC32XX.oem4 (.text:getPeriodCounts)
                  2000e0cc    0000004c                      : PowerCC32XX.oem4 (.text:restorePeriphClocks)
                  2000e118    00000048     nortos_cc32xx.a : ClockPSysTick_nortos.oem4 (.text:ClockP_usleep)
                  2000e160    00000048     driverlib.a : flash.obj (.text:FlashDisable)
                  2000e1a8    00000048     drivers_cc32xx.a : GPIOCC32XX.oem4 (.text:GPIO_disableInt)
                  2000e1f0    00000048                      : GPIOCC32XX.oem4 (.text:GPIO_enableInt)
                  2000e238    00000048     driverlib.a : prcm.obj (.text:PRCMLPDSEnter)
                  2000e280    00000048                 : prcm.obj (.text:PRCMPeripheralClkEnable)
                  2000e2c8    00000048     drivers_cc32xx.a : PowerCC32XX.oem4 (.text:Power_releaseConstraint)
                  2000e310    00000044     nortos_cc32xx.a : ClockPSysTick_nortos.oem4 (.text:ClockP_stop)
                  2000e354    00000044     driverlib.a : prcm.obj (.text:PRCMLPDSRestoreInfoSet)
                  2000e398    00000044     drivers_cc32xx.a : PWM.oem4 (.text:PWM_init)
                  2000e3dc    00000044                      : PowerCC32XX_asm.oem4 (.text:PowerCC32XX_enterLPDS)
                  2000e420    00000044     nortos_cc32xx.a : SemaphoreP_nortos.oem4 (.text:SemaphoreP_post)
                  2000e464    00000044                     : SwiP_nortos.oem4 (.text:SwiP_restore)
                  2000e4a8    00000044     rtsv7M4_T_le_eabi.lib : autoinit.c.obj (.text:__TI_auto_init_nobinit_nopinit:__TI_auto_init_nobinit_nopinit)
                  2000e4ec    00000040     drivers_cc32xx.a : PWM.oem4 (.text:PWM_open)
                  2000e52c    00000040     driverlib.a : pin.obj (.text:PinModeSet)
                  2000e56c    0000003c     nortos_cc32xx.a : ClockPSysTick_nortos.oem4 (.text:ClockP_destruct)
                  2000e5a8    0000003c     drivers_cc32xx.a : PowerCC32XX.oem4 (.text:Power_setConstraint)
                  2000e5e4    0000003a     nortos_cc32xx.a : PowerCC32XX_nortos.oem4 (.text:getCountsRTC)
                  2000e61e    0000003a     drivers_cc32xx.a : PWMTimerCC32XX.oem4 (.text:getPowerMgrId)
                  2000e658    00000038     driverlib.a : prcm.obj (.text:PRCMLPDSEnterKeepDebugIf)
                  2000e690    00000038     nortos_cc32xx.a : ClockPSysTick_nortos.oem4 (.text:addToList)
                  2000e6c8    00000038                     : startup_cc32xx_ccs.oem4 (.text:initVectors)
                  2000e700    00000038     drivers_cc32xx.a : PowerCC32XX.oem4 (.text:notify)
                  2000e738    00000034     nortos_cc32xx.a : ClockPSysTick_nortos.oem4 (.text:ClockP_getTicksUntilInterrupt)
                  2000e76c    00000034                     : ClockPSysTick_nortos.oem4 (.text:ClockP_startup)
                  2000e7a0    00000034     driverlib.a : pin.obj (.text:PinModeGet)
                  2000e7d4    00000034     drivers_cc32xx.a : TimerCC32XX.oem4 (.text:TimerCC32XX_freeTimerResource)
                  2000e808    00000034                      : TimerCC32XX.oem4 (.text:getPowerMgrId)
                  2000e83c    00000030     nortos_cc32xx.a : ClockPSysTick_nortos.oem4 (.text:ClockP_start)
                  2000e86c    00000030     drivers_cc32xx.a : PowerCC32XX.oem4 (.text:PowerCC32XX_restoreParkedPin)
                  2000e89c    0000002a     nortos_cc32xx.a : HwiPCC32XX_nortos.oem4 (.text:HwiP_create)
                  2000e8c6    00000002                     : PowerCC32XX_nortos.oem4 (.text:PowerCC32XX_initPolicy)
                  2000e8c8    00000028     driverlib.a : prcm.obj (.text:PRCMPeripheralClkDisable)
                  2000e8f0    00000028     drivers_cc32xx.a : PowerCC32XX.oem4 (.text:Power_registerNotify)
                  2000e918    00000028     rtsv7M4_T_le_eabi.lib : memory.c.obj (.text:free_list_insert)
                  2000e940    00000026     drivers_cc32xx.a : List.oem4 (.text:List_put)
                  2000e966    00000026                      : List.oem4 (.text:List_remove)
                  2000e98c    00000024     nortos_cc32xx.a : HwiPCC32XX_nortos.oem4 (.text:HwiP_dispatch)
                  2000e9b0    00000024     rtsv7M4_T_le_eabi.lib : boot_cortex_m.c.obj (.text:_c_int00_noargs:_c_int00_noargs)
                  2000e9d4    00000024     nortos_cc32xx.a : ClockPSysTick_nortos.oem4 (.text:sleepTicks)
                  2000e9f8    00000020     drivers_cc32xx.a : PowerCC32XX.oem4 (.text:Power_unregisterNotify)
                  2000ea18    0000001c     driverlib.a : pin.obj (.text:PinToPadGet)
                  2000ea34    0000001c     nortos_cc32xx.a : SwiP_nortos.oem4 (.text:SwiP_disable)
                  2000ea50    0000001c     rtsv7M4_T_le_eabi.lib : copy_zero_init.c.obj (.text:decompress:ZI:__TI_zero_init_nomemset:__TI_zero_init_nomemset)
                  2000ea6c    0000001c                           : memory.c.obj (.text:free_list_remove)
                  2000ea88    0000001a     nortos_cc32xx.a : SemaphoreP_nortos.oem4 (.text:SemaphoreP_createBinary)
                  2000eaa2    00000002                     : SemaphoreP_nortos.oem4 (.text:SemaphoreP_destruct)
                  2000eaa4    0000001a                     : startup_cc32xx_ccs.oem4 (.text:resetISR)
                  2000eabe    00000002     rtsv7M4_T_le_eabi.lib : _lock.c.obj (.text:_nop)
                  2000eac0    00000018     drivers_cc32xx.a : PowerCC32XX.oem4 (.text:Power_getTransitionLatency)
                  2000ead8    00000018                      : PowerCC32XX.oem4 (.text:Power_idleFunc)
                  2000eaf0    00000018     rtsv7M4_T_le_eabi.lib : ll_mul_t2.asm.obj (.text)
                  2000eb08    00000016     driverlib.a : prcm.obj (.text:PRCMHIBRegRead)
                  2000eb1e    00000016                 : prcm.obj (.text:PRCMHIBRegWrite)
                  2000eb34    00000016     nortos_cc32xx.a : SemaphoreP_nortos.oem4 (.text:SemaphoreP_create)
                  2000eb4a    00000014     ti_drivers_config.obj (.text:Board_init)
                  2000eb5e    00000014     driverlib.a : cpu.obj (.text:CPUcpsid)
                  2000eb72    00000002     nortos_cc32xx.a : startup_cc32xx_ccs.oem4 (.text:busFaultHandler)
                  2000eb74    00000014                     : HwiPCC32XX_nortos.oem4 (.text:HwiP_inISR)
                  2000eb88    00000014     driverlib.a : interrupt.obj (.text:IntVTableBaseSet)
                  2000eb9c    00000014     drivers_cc32xx.a : PWM.oem4 (.text:PWM_Params_init)
                  2000ebb0    00000014                      : PowerCC32XX.oem4 (.text:Power_disablePolicy)
                  2000ebc4    00000014                      : PowerCC32XX.oem4 (.text:Power_getDependencyCount)
                  2000ebd8    00000012     nortos_cc32xx.a : HwiPCC32XX_nortos.oem4 (.text:HwiP_Params_init)
                  2000ebea    00000012     main_nortos.obj (.text:main)
                  2000ebfc    00000012     drivers_cc32xx.a : PWMTimerCC32XX.oem4 (.text:postNotifyFxn)
                  2000ec0e    00000010     nortos_cc32xx.a : ClockPSysTick_nortos.oem4 (.text:ClockP_add)
                  2000ec1e    00000002                     : SemaphoreP_nortos.oem4 (.text:clkFxn)
                  2000ec20    00000010                     : ClockPSysTick_nortos.oem4 (.text:ClockP_getCpuFreq)
                  2000ec30    00000010                     : ClockPSysTick_nortos.oem4 (.text:ClockP_getSystemTicks)
                  2000ec40    00000010                     : ClockPSysTick_nortos.oem4 (.text:ClockP_setTicks)
                  2000ec50    00000010                     : HwiPCC32XX_nortos.oem4 (.text:HwiP_restore)
                  2000ec60    00000010     drivers_cc32xx.a : PowerCC32XX.oem4 (.text:Power_enablePolicy)
                  2000ec70    00000010     nortos_cc32xx.a : SemaphoreP_nortos.oem4 (.text:SemaphoreP_Params_init)
                  2000ec80    0000000e                     : HwiPCC32XX_nortos.oem4 (.text:HwiP_disable)
                  2000ec8e    0000000e                     : HwiPCC32XX_nortos.oem4 (.text:HwiP_enable)
                  2000ec9c    0000000e     rtsv7M4_T_le_eabi.lib : copy_decompress_none.c.obj (.text:decompress:none:__TI_decompress_none)
                  2000ecaa    00000002     nortos_cc32xx.a : startup_cc32xx_ccs.oem4 (.text:defaultHandler)
                  2000ecac    0000000c     drivers_cc32xx.a : PowerCC32XX.oem4 (.text:Power_getConstraintMask)
                  2000ecb8    0000000a     nortos_cc32xx.a : ClockPSysTick_nortos.oem4 (.text:ClockP_isActive)
                  2000ecc2    0000000a     driverlib.a : interrupt.obj (.text:IntMasterDisable)
                  2000eccc    0000000a     drivers_cc32xx.a : PWM.oem4 (.text:PWM_setDuty)
                  2000ecd6    0000000a                      : PWM.oem4 (.text:PWM_start)
                  2000ece0    00000008     rtsv7M4_T_le_eabi.lib : memory.c.obj (.text:malloc)
                  2000ece8    00000006     drivers_cc32xx.a : PWMTimerCC32XX.oem4 (.text:PWMTimerCC32XX_control)
                  2000ecee    00000006     driverlib.a : utils.obj (.text:UtilsDelay)
                  2000ecf4    00000004     nortos_cc32xx.a : ClockPSysTick_nortos.oem4 (.text:ClockP_doTick)
                  2000ecf8    00000004                     : HwiPCC32XX_nortos.oem4 (.text:HwiP_post)
                  2000ecfc    00000004                     : SemaphoreP_nortos.oem4 (.text:SemaphoreP_delete)
                  2000ed00    00000004     rtsv7M4_T_le_eabi.lib : pre_init.c.obj (.text:_system_pre_init)
                  2000ed04    00000004                           : exit.c.obj (.text:abort:abort)
                  2000ed08    00000002     nortos_cc32xx.a : startup_cc32xx_ccs.oem4 (.text:faultISR)
                  2000ed0a    00000002                     : startup_cc32xx_ccs.oem4 (.text:nmiISR)
                  2000ed0c    00000002     rtsv7M4_T_le_eabi.lib : div0.asm.obj (.text)

.const     0    2000f330    00000321     
                  2000f330    00000100     driverlib.a : pin.obj (.const:g_ulPinToPadMap)
                  2000f430    000000a8                 : prcm.obj (.const:PRCM_PeriphRegsList)
                  2000f4d8    00000044     ti_drivers_config.obj (.const:PowerCC32XX_config)
                  2000f51c    00000028     drivers_cc32xx.a : GPIOCC32XX.oem4 (.const:portConfigs)
                  2000f544    00000024                      : PWMTimerCC32XX.oem4 (.const:PWMTimerCC32XX_fxnTable)
                  2000f568    00000021                      : GPIOCC32XX.oem4 (.const:.string:pinTable)
                  2000f589    00000003     --HOLE-- [fill = 0]
                  2000f58c    00000020                      : PWMTimerCC32XX.oem4 (.const:gpioPinIndexes)
                  2000f5ac    00000018     ti_drivers_config.obj (.const:PWM_config)
                  2000f5c4    00000018     drivers_cc32xx.a : PWM.oem4 (.const:PWM_defaultParams)
                  2000f5dc    00000018     driverlib.a : interrupt.obj (.const:g_pulEnRegs)
                  2000f5f4    00000018                 : interrupt.obj (.const:g_pulPendRegs)
                  2000f60c    00000010     ti_drivers_config.obj (.const:GPIO_config)
                  2000f61c    00000010     drivers_cc32xx.a : PWMTimerCC32XX.oem4 (.const:gpioBaseAddresses)
                  2000f62c    00000010                      : PWMTimerCC32XX.oem4 (.const:timerBaseAddresses)
                  2000f63c    00000008     ti_drivers_config.obj (.const:pwmTimerCC32XXHWAttrs)
                  2000f644    00000008     drivers_cc32xx.a : PWMTimerCC32XX.oem4 (.const:timerHalves)
                  2000f64c    00000005     ti_drivers_config.obj (.const)

.cinit     0    2000f918    000000e8     
                  2000f918    000000c0     (.cinit..data.load) [load image, compression = lzss]
                  2000f9d8    0000000c     (__TI_handler_table)
                  2000f9e4    00000004     --HOLE-- [fill = 0]
                  2000f9e8    00000008     (.cinit..bss.load) [load image, compression = zero_init]
                  2000f9f0    00000010     (__TI_cinit_table)

.init_array 
*          0    20004000    00000000     UNINITIALIZED

.ramVecs   0    20000000    0000030c     NOLOAD SECTION
                  20000000    0000030c     nortos_cc32xx.a : startup_cc32xx_ccs.oem4 (.ramVecs)

.stack     0    20003000    00001000     UNINITIALIZED
                  20003000    00000004     rtsv7M4_T_le_eabi.lib : boot_cortex_m.c.obj (.stack)
                  20003004    00000ffc     --HOLE--

.resetVecs 
*          0    20004000    00000040     
                  20004000    00000040     nortos_cc32xx.a : startup_cc32xx_ccs.oem4 (.resetVecs:retain)

.sysmem    0    20004040    00008000     UNINITIALIZED
                  20004040    00000010     rtsv7M4_T_le_eabi.lib : memory.c.obj (.sysmem)
                  20004050    00007ff0     --HOLE--

.data      0    2000ed10    0000061f     UNINITIALIZED
                  2000ed10    0000030c     nortos_cc32xx.a : HwiPCC32XX_nortos.oem4 (.data:HwiP_dispatchTable)
                  2000f01c    0000016c     drivers_cc32xx.a : PowerCC32XX.oem4 (.data:PowerCC32XX_module)
                  2000f188    000000f8     ti_drivers_config.obj (.data:parkInfo)
                  2000f280    00000084     ti_drivers_config.obj (.data:gpioPinConfigs)
                  2000f304    00000008     rtsv7M4_T_le_eabi.lib : _lock.c.obj (.data:$O1$$)
                  2000f30c    00000008                           : memory.c.obj (.data:$O1$$)
                  2000f314    00000008     nortos_cc32xx.a : SemaphoreP_nortos.oem4 (.data:SemaphoreP_defaultParams)
                  2000f31c    00000008                     : HwiPCC32XX_nortos.oem4 (.data)
                  2000f324    00000005                     : ClockPSysTick_nortos.oem4 (.data)
                  2000f329    00000003                     : SemaphoreP_nortos.oem4 (.data)
                  2000f32c    00000002     drivers_cc32xx.a : GPIOCC32XX.oem4 (.data)
                  2000f32e    00000001                      : PWM.oem4 (.data)

.bss       0    2000f658    000002bc     UNINITIALIZED
                  2000f658    0000012c     (.common:PowerCC32XX_contextSave)
                  2000f784    00000084     (.common:gpioCallbackFunctions)
                  2000f808    00000084     (.common:gpioUserArgs)
                  2000f88c    00000048     (.common:pwmTimerCC32XXObjects)
                  2000f8d4    00000014     drivers_cc32xx.a : GPIOCC32XX.oem4 (.bss:powerNotifyObj)
                  2000f8e8    00000010     (.common:ClockP_ctrl)
                  2000f8f8    0000000d     nortos_cc32xx.a : SwiP_nortos.oem4 (.bss)
                  2000f905    00000003     --HOLE--
                  2000f908    00000004     drivers_cc32xx.a : GPIOCC32XX.oem4 (.bss)
                  2000f90c    00000004     nortos_cc32xx.a : ClockPSysTick_nortos.oem4 (.bss)
                  2000f910    00000004     drivers_cc32xx.a : TimerCC32XX.oem4 (.bss:timerState)

.log_data 
*          0    90000000    00000000     COPY SECTION

__llvm_prf_cnts 
*          0    20004000    00000000     UNINITIALIZED

MODULE SUMMARY

       Module                       code    ro data   rw data
       ------                       ----    -------   -------
    .\
       pwmled2.obj                  160     0         0      
       main_nortos.obj              18      0         0      
    +--+----------------------------+-------+---------+---------+
       Total:                       178     0         0      
                                                             
    .\syscfg\
       ti_drivers_config.obj        22      121       716    
    +--+----------------------------+-------+---------+---------+
       Total:                       22      121       716    
                                                             
    C:/ti/simplelink_cc32xx_sdk_6_10_00_05/kernel/nortos/lib/ccs/m4/nortos_cc32xx.a
       HwiPCC32XX_nortos.oem4       304     0         788    
       startup_cc32xx_ccs.oem4      90      64        780    
       ClockPSysTick_nortos.oem4    790     0         25     
       PowerCC32XX_nortos.oem4      476     0         0      
       SemaphoreP_nortos.oem4       380     0         11     
       SwiP_nortos.oem4             96      0         13     
    +--+----------------------------+-------+---------+---------+
       Total:                       2136    64        1617   
                                                             
    C:/ti/simplelink_cc32xx_sdk_6_10_00_05/source/ti/devices/cc32xx/driverlib/ccs/Release/driverlib.a
       prcm.obj                     1604    168       0      
       pin.obj                      280     256       0      
       interrupt.obj                334     48        0      
       flash.obj                    72      0         0      
       cpu.obj                      20      0         0      
       utils.obj                    6       0         0      
    +--+----------------------------+-------+---------+---------+
       Total:                       2316    472       0      
                                                             
    C:/ti/simplelink_cc32xx_sdk_6_10_00_05/source/ti/drivers/lib/ccs/m4/drivers_cc32xx.a
       PowerCC32XX.oem4             2300    0         664    
       PWMTimerCC32XX.oem4          1732    108       0      
       GPIOCC32XX.oem4              940     73        26     
       PWM.oem4                     172     24        1      
       TimerCC32XX.oem4             184     0         4      
       PowerCC32XX_asm.oem4         150     0         0      
       List.oem4                    76      0         0      
    +--+----------------------------+-------+---------+---------+
       Total:                       5554    205       695    
                                                             
    C:\ti\ccs1210\ccs\tools\compiler\ti-cgt-arm_20.2.7.LTS\lib\rtsv7M4_T_le_eabi.lib
       memory.c.obj                 672     0         8      
       memcpy_t2.asm.obj            156     0         0      
       ull_div_t2.asm.obj           150     0         0      
       copy_decompress_lzss.c.obj   104     0         0      
       autoinit.c.obj               68      0         0      
       boot_cortex_m.c.obj          36      0         0      
       copy_zero_init.c.obj         28      0         0      
       ll_mul_t2.asm.obj            24      0         0      
       copy_decompress_none.c.obj   14      0         0      
       _lock.c.obj                  2       0         8      
       exit.c.obj                   4       0         0      
       pre_init.c.obj               4       0         0      
       div0.asm.obj                 2       0         0      
    +--+----------------------------+-------+---------+---------+
       Total:                       1264    0         16     
                                                             
       Heap:                        0       0         32768  
       Stack:                       0       0         4096   
       Linker Generated:            0       228       0      
    +--+----------------------------+-------+---------+---------+
       Grand Total:                 11470   1090      39908  


LINKER GENERATED COPY TABLES

__TI_cinit_table @ 2000f9f0 records: 2, size/record: 8, table size: 16
	.data: load addr=2000f918, load size=000000c0 bytes, run addr=2000ed10, run size=0000061f bytes, compression=lzss
	.bss: load addr=2000f9e8, load size=00000008 bytes, run addr=2000f658, run size=000002bc bytes, compression=zero_init


LINKER GENERATED HANDLER TABLE

__TI_handler_table @ 2000f9d8 records: 3, size/record: 4, table size: 12
	index: 0, handler: __TI_decompress_lzss
	index: 1, handler: __TI_decompress_none
	index: 2, handler: __TI_zero_init


GLOBAL SYMBOLS: SORTED ALPHABETICALLY BY Name 

address   name                             
-------   ----                             
2000eb4b  Board_init                       
2000d52f  Board_initHook                   
2000ed05  C$$EXIT                          
2000f64e  CONFIG_PWM_0_CONST               
2000f64f  CONFIG_PWM_1_CONST               
2000eb5f  CPUcpsid                         
2000ec0f  ClockP_add                       
2000f8e8  ClockP_ctrl                      
2000e56d  ClockP_destruct                  
2000ecf5  ClockP_doTick                    
2000ec21  ClockP_getCpuFreq                
2000ec31  ClockP_getSystemTicks            
2000e739  ClockP_getTicksUntilInterrupt    
2000ecb9  ClockP_isActive                  
2000ec41  ClockP_setTicks                  
2000e83d  ClockP_start                     
2000e76d  ClockP_startup                   
2000e311  ClockP_stop                      
2000def9  ClockP_sysTickHandler            
2000f324  ClockP_tickPeriod                
2000e119  ClockP_usleep                    
2000e161  FlashDisable                     
2000f60c  GPIO_config                      
2000e1a9  GPIO_disableInt                  
2000e1f1  GPIO_enableInt                   
2000dc79  GPIO_hwiIntFxn                   
2000d531  GPIO_init                        
2000f64c  GPIO_pinLowerBound               
2000f64d  GPIO_pinUpperBound               
2000c60d  GPIO_setConfig                   
2000dbb1  GPIO_setInterruptConfig          
2000ebd9  HwiP_Params_init                 
2000d651  HwiP_construct                   
2000e89d  HwiP_create                      
2000ec81  HwiP_disable                     
2000e98d  HwiP_dispatch                    
2000ec8f  HwiP_enable                      
2000eb75  HwiP_inISR                       
2000f31c  HwiP_key                         
2000ecf9  HwiP_post                        
2000ec51  HwiP_restore                     
2000f320  HwiP_swiPIntNum                  
UNDEFED   ITM_flush                        
UNDEFED   ITM_restore                      
2000d031  IntEnable                        
2000ecc3  IntMasterDisable                 
2000d6dd  IntPendSet                       
2000eb89  IntVTableBaseSet                 
2000e941  List_put                         
2000e967  List_remove                      
2000ec8f  NoRTOS_start                     
2000c041  PRCMCC3200MCUInit                
2000eb09  PRCMHIBRegRead                   
2000eb1f  PRCMHIBRegWrite                  
2000e239  PRCMLPDSEnter                    
2000e659  PRCMLPDSEnterKeepDebugIf         
2000e355  PRCMLPDSRestoreInfoSet           
2000e8c9  PRCMPeripheralClkDisable         
2000e281  PRCMPeripheralClkEnable          
2000ddf5  PRCMPeripheralReset              
2000dcd9  PRCMSysResetCauseGet             
2000d765  PWMTimerCC32XX_close             
2000ece9  PWMTimerCC32XX_control           
2000f544  PWMTimerCC32XX_fxnTable          
2000def7  PWMTimerCC32XX_init              
2000cc21  PWMTimerCC32XX_open              
2000cf79  PWMTimerCC32XX_setDuty           
2000c8a9  PWMTimerCC32XX_setDutyAndPeriod  
2000d401  PWMTimerCC32XX_setPeriod         
2000dae1  PWMTimerCC32XX_start             
2000cdf5  PWMTimerCC32XX_stop              
2000eb9d  PWM_Params_init                  
2000f5ac  PWM_config                       
2000f650  PWM_count                        
2000f5c4  PWM_defaultParams                
2000e399  PWM_init                         
2000e4ed  PWM_open                         
2000eccd  PWM_setDuty                      
2000ecd7  PWM_start                        
2000d7ed  PinConfigSet                     
2000e7a1  PinModeGet                       
2000e52d  PinModeSet                       
2000ea19  PinToPadGet                      
2000f4d8  PowerCC32XX_config               
2000d0d9  PowerCC32XX_configureWakeup      
2000f658  PowerCC32XX_contextSave          
2000e3dd  PowerCC32XX_enterLPDS            
2000e8c7  PowerCC32XX_initPolicy           
2000f01c  PowerCC32XX_module               
2000dfe9  PowerCC32XX_parkPin              
2000e86d  PowerCC32XX_restoreParkedPin     
2000dea5  PowerCC32XX_resumeLPDS           
2000dc15  PowerCC32XX_setParkState         
2000c46d  PowerCC32XX_sleepPolicy          
2000ebb1  Power_disablePolicy              
2000ec61  Power_enablePolicy               
2000ecad  Power_getConstraintMask          
2000ebc5  Power_getDependencyCount         
2000eac1  Power_getTransitionLatency       
2000ead9  Power_idleFunc                   
2000d875  Power_init                       
2000e8f1  Power_registerNotify             
2000e2c9  Power_releaseConstraint          
2000de4d  Power_releaseDependency          
2000e5a9  Power_setConstraint              
2000d97d  Power_setDependency              
2000c9e9  Power_sleep                      
2000e9f9  Power_unregisterNotify           
2000ec71  SemaphoreP_Params_init           
2000df49  SemaphoreP_construct             
2000eb35  SemaphoreP_create                
2000ea89  SemaphoreP_createBinary          
2000f314  SemaphoreP_defaultParams         
2000ecfd  SemaphoreP_delete                
2000eaa3  SemaphoreP_destruct              
2000d225  SemaphoreP_pend                  
2000e421  SemaphoreP_post                  
2000ea35  SwiP_disable                     
2000e465  SwiP_restore                     
2000df99  TimerCC32XX_allocateTimerResource
2000e7d5  TimerCC32XX_freeTimerResource    
2000ecef  UtilsDelay                       
20004000  __STACK_END                      
00001000  __STACK_SIZE                     
00008000  __SYSMEM_SIZE                    
2000f9f0  __TI_CINIT_Base                  
2000fa00  __TI_CINIT_Limit                 
2000f9d8  __TI_Handler_Table_Base          
2000f9e4  __TI_Handler_Table_Limit         
2000e4a9  __TI_auto_init_nobinit_nopinit   
2000db49  __TI_decompress_lzss             
2000ec9d  __TI_decompress_none             
ffffffff  __TI_pprof_out_hndl              
ffffffff  __TI_prof_data_size              
ffffffff  __TI_prof_data_start             
2000f918  __TI_static_base__               
2000ea51  __TI_zero_init_nomemset          
2000ed0d  __aeabi_idiv0                    
2000ed0d  __aeabi_ldiv0                    
2000eaf1  __aeabi_lmul                     
2000d365  __aeabi_memcpy                   
2000d365  __aeabi_memcpy4                  
2000d365  __aeabi_memcpy8                  
2000d499  __aeabi_uldivmod                 
ffffffff  __binit__                        
ffffffff  __c_args__                       
UNDEFED   __mpu_init                       
20003000  __stack                          
20004000  __start___llvm_prf_cnts          
20004000  __stop___llvm_prf_cnts           
2000e9b1  _c_int00_noargs                  
2000f304  _lock                            
2000eabf  _nop                             
20004040  _sys_memory                      
UNDEFED   _system_post_cinit               
2000ed01  _system_pre_init                 
2000f308  _unlock                          
2000ed05  abort                            
2000cb21  aligned_alloc                    
ffffffff  binit                            
2000ec1f  clkFxn                           
2000cd11  free                             
2000f784  gpioCallbackFunctions            
2000f280  gpioPinConfigs                   
2000f808  gpioUserArgs                     
2000e6c9  initVectors                      
2000ebeb  main                             
2000d2c5  mainThread                       
2000ece1  malloc                           
2000cb21  memalign                         
2000d365  memcpy                           
2000f188  parkInfo                         
2000f63c  pwmTimerCC32XXHWAttrs            
2000f88c  pwmTimerCC32XXObjects            
2000eaa5  resetISR                         
2000eab8  resetVectorAddr                  
20004000  resetVectors                     
2000e119  usleep                           


GLOBAL SYMBOLS: SORTED BY Symbol Address 

address   name                             
-------   ----                             
00001000  __STACK_SIZE                     
00008000  __SYSMEM_SIZE                    
20003000  __stack                          
20004000  __STACK_END                      
20004000  __start___llvm_prf_cnts          
20004000  __stop___llvm_prf_cnts           
20004000  resetVectors                     
20004040  _sys_memory                      
2000c041  PRCMCC3200MCUInit                
2000c46d  PowerCC32XX_sleepPolicy          
2000c60d  GPIO_setConfig                   
2000c8a9  PWMTimerCC32XX_setDutyAndPeriod  
2000c9e9  Power_sleep                      
2000cb21  aligned_alloc                    
2000cb21  memalign                         
2000cc21  PWMTimerCC32XX_open              
2000cd11  free                             
2000cdf5  PWMTimerCC32XX_stop              
2000cf79  PWMTimerCC32XX_setDuty           
2000d031  IntEnable                        
2000d0d9  PowerCC32XX_configureWakeup      
2000d225  SemaphoreP_pend                  
2000d2c5  mainThread                       
2000d365  __aeabi_memcpy                   
2000d365  __aeabi_memcpy4                  
2000d365  __aeabi_memcpy8                  
2000d365  memcpy                           
2000d401  PWMTimerCC32XX_setPeriod         
2000d499  __aeabi_uldivmod                 
2000d52f  Board_initHook                   
2000d531  GPIO_init                        
2000d651  HwiP_construct                   
2000d6dd  IntPendSet                       
2000d765  PWMTimerCC32XX_close             
2000d7ed  PinConfigSet                     
2000d875  Power_init                       
2000d97d  Power_setDependency              
2000dae1  PWMTimerCC32XX_start             
2000db49  __TI_decompress_lzss             
2000dbb1  GPIO_setInterruptConfig          
2000dc15  PowerCC32XX_setParkState         
2000dc79  GPIO_hwiIntFxn                   
2000dcd9  PRCMSysResetCauseGet             
2000ddf5  PRCMPeripheralReset              
2000de4d  Power_releaseDependency          
2000dea5  PowerCC32XX_resumeLPDS           
2000def7  PWMTimerCC32XX_init              
2000def9  ClockP_sysTickHandler            
2000df49  SemaphoreP_construct             
2000df99  TimerCC32XX_allocateTimerResource
2000dfe9  PowerCC32XX_parkPin              
2000e119  ClockP_usleep                    
2000e119  usleep                           
2000e161  FlashDisable                     
2000e1a9  GPIO_disableInt                  
2000e1f1  GPIO_enableInt                   
2000e239  PRCMLPDSEnter                    
2000e281  PRCMPeripheralClkEnable          
2000e2c9  Power_releaseConstraint          
2000e311  ClockP_stop                      
2000e355  PRCMLPDSRestoreInfoSet           
2000e399  PWM_init                         
2000e3dd  PowerCC32XX_enterLPDS            
2000e421  SemaphoreP_post                  
2000e465  SwiP_restore                     
2000e4a9  __TI_auto_init_nobinit_nopinit   
2000e4ed  PWM_open                         
2000e52d  PinModeSet                       
2000e56d  ClockP_destruct                  
2000e5a9  Power_setConstraint              
2000e659  PRCMLPDSEnterKeepDebugIf         
2000e6c9  initVectors                      
2000e739  ClockP_getTicksUntilInterrupt    
2000e76d  ClockP_startup                   
2000e7a1  PinModeGet                       
2000e7d5  TimerCC32XX_freeTimerResource    
2000e83d  ClockP_start                     
2000e86d  PowerCC32XX_restoreParkedPin     
2000e89d  HwiP_create                      
2000e8c7  PowerCC32XX_initPolicy           
2000e8c9  PRCMPeripheralClkDisable         
2000e8f1  Power_registerNotify             
2000e941  List_put                         
2000e967  List_remove                      
2000e98d  HwiP_dispatch                    
2000e9b1  _c_int00_noargs                  
2000e9f9  Power_unregisterNotify           
2000ea19  PinToPadGet                      
2000ea35  SwiP_disable                     
2000ea51  __TI_zero_init_nomemset          
2000ea89  SemaphoreP_createBinary          
2000eaa3  SemaphoreP_destruct              
2000eaa5  resetISR                         
2000eab8  resetVectorAddr                  
2000eabf  _nop                             
2000eac1  Power_getTransitionLatency       
2000ead9  Power_idleFunc                   
2000eaf1  __aeabi_lmul                     
2000eb09  PRCMHIBRegRead                   
2000eb1f  PRCMHIBRegWrite                  
2000eb35  SemaphoreP_create                
2000eb4b  Board_init                       
2000eb5f  CPUcpsid                         
2000eb75  HwiP_inISR                       
2000eb89  IntVTableBaseSet                 
2000eb9d  PWM_Params_init                  
2000ebb1  Power_disablePolicy              
2000ebc5  Power_getDependencyCount         
2000ebd9  HwiP_Params_init                 
2000ebeb  main                             
2000ec0f  ClockP_add                       
2000ec1f  clkFxn                           
2000ec21  ClockP_getCpuFreq                
2000ec31  ClockP_getSystemTicks            
2000ec41  ClockP_setTicks                  
2000ec51  HwiP_restore                     
2000ec61  Power_enablePolicy               
2000ec71  SemaphoreP_Params_init           
2000ec81  HwiP_disable                     
2000ec8f  HwiP_enable                      
2000ec8f  NoRTOS_start                     
2000ec9d  __TI_decompress_none             
2000ecad  Power_getConstraintMask          
2000ecb9  ClockP_isActive                  
2000ecc3  IntMasterDisable                 
2000eccd  PWM_setDuty                      
2000ecd7  PWM_start                        
2000ece1  malloc                           
2000ece9  PWMTimerCC32XX_control           
2000ecef  UtilsDelay                       
2000ecf5  ClockP_doTick                    
2000ecf9  HwiP_post                        
2000ecfd  SemaphoreP_delete                
2000ed01  _system_pre_init                 
2000ed05  C$$EXIT                          
2000ed05  abort                            
2000ed0d  __aeabi_idiv0                    
2000ed0d  __aeabi_ldiv0                    
2000f01c  PowerCC32XX_module               
2000f188  parkInfo                         
2000f280  gpioPinConfigs                   
2000f304  _lock                            
2000f308  _unlock                          
2000f314  SemaphoreP_defaultParams         
2000f31c  HwiP_key                         
2000f320  HwiP_swiPIntNum                  
2000f324  ClockP_tickPeriod                
2000f4d8  PowerCC32XX_config               
2000f544  PWMTimerCC32XX_fxnTable          
2000f5ac  PWM_config                       
2000f5c4  PWM_defaultParams                
2000f60c  GPIO_config                      
2000f63c  pwmTimerCC32XXHWAttrs            
2000f64c  GPIO_pinLowerBound               
2000f64d  GPIO_pinUpperBound               
2000f64e  CONFIG_PWM_0_CONST               
2000f64f  CONFIG_PWM_1_CONST               
2000f650  PWM_count                        
2000f658  PowerCC32XX_contextSave          
2000f784  gpioCallbackFunctions            
2000f808  gpioUserArgs                     
2000f88c  pwmTimerCC32XXObjects            
2000f8e8  ClockP_ctrl                      
2000f918  __TI_static_base__               
2000f9d8  __TI_Handler_Table_Base          
2000f9e4  __TI_Handler_Table_Limit         
2000f9f0  __TI_CINIT_Base                  
2000fa00  __TI_CINIT_Limit                 
ffffffff  __TI_pprof_out_hndl              
ffffffff  __TI_prof_data_size              
ffffffff  __TI_prof_data_start             
ffffffff  __binit__                        
ffffffff  __c_args__                       
ffffffff  binit                            
UNDEFED   ITM_flush                        
UNDEFED   ITM_restore                      
UNDEFED   __mpu_init                       
UNDEFED   _system_post_cinit               

[178 symbols]
